{
  "version": "1.5.0",
  "plugins_used": [
    {
      "name": "ArtifactoryDetector"
    },
    {
      "name": "AWSKeyDetector"
    },
    {
      "name": "AzureStorageKeyDetector"
    },
    {
      "name": "Base64HighEntropyString",
      "limit": 4.5
    },
    {
      "name": "BasicAuthDetector"
    },
    {
      "name": "CloudantDetector"
    },
    {
      "name": "DiscordBotTokenDetector"
    },
    {
      "name": "GitHubTokenDetector"
    },
    {
      "name": "GitLabTokenDetector"
    },
    {
      "name": "HexHighEntropyString",
      "limit": 3.0
    },
    {
      "name": "IbmCloudIamDetector"
    },
    {
      "name": "IbmCosHmacDetector"
    },
    {
      "name": "IPPublicDetector"
    },
    {
      "name": "JwtTokenDetector"
    },
    {
      "name": "KeywordDetector",
      "keyword_exclude": ""
    },
    {
      "name": "MailchimpDetector"
    },
    {
      "name": "NpmDetector"
    },
    {
      "name": "OpenAIDetector"
    },
    {
      "name": "PrivateKeyDetector"
    },
    {
      "name": "PypiTokenDetector"
    },
    {
      "name": "SendGridDetector"
    },
    {
      "name": "SlackDetector"
    },
    {
      "name": "SoftlayerDetector"
    },
    {
      "name": "SquareOAuthDetector"
    },
    {
      "name": "StripeDetector"
    },
    {
      "name": "TelegramBotTokenDetector"
    },
    {
      "name": "TwilioKeyDetector"
    }
  ],
  "filters_used": [
    {
      "path": "detect_secrets.filters.allowlist.is_line_allowlisted"
    },
    {
      "path": "detect_secrets.filters.common.is_baseline_file",
      "filename": ".secrets.baseline"
    },
    {
      "path": "detect_secrets.filters.common.is_ignored_due_to_verification_policies",
      "min_level": 2
    },
    {
      "path": "detect_secrets.filters.heuristic.is_indirect_reference"
    },
    {
      "path": "detect_secrets.filters.heuristic.is_likely_id_string"
    },
    {
      "path": "detect_secrets.filters.heuristic.is_lock_file"
    },
    {
      "path": "detect_secrets.filters.heuristic.is_not_alphanumeric_string"
    },
    {
      "path": "detect_secrets.filters.heuristic.is_potential_uuid"
    },
    {
      "path": "detect_secrets.filters.heuristic.is_prefixed_with_dollar_sign"
    },
    {
      "path": "detect_secrets.filters.heuristic.is_sequential_string"
    },
    {
      "path": "detect_secrets.filters.heuristic.is_swagger_file"
    },
    {
      "path": "detect_secrets.filters.heuristic.is_templated_secret"
    }
  ],
  "results": {
    ".benchmarks/Darwin-CPython-3.13-64bit/0001_baseline.json": [
      {
        "type": "Hex High Entropy String",
        "filename": ".benchmarks/Darwin-CPython-3.13-64bit/0001_baseline.json",
        "hashed_secret": "bef6ef09511332a936c5de80da45e00fa0dd5580",
        "is_verified": false,
        "line_number": 32
      }
    ],
    "CLAUDE.md": [
      {
        "type": "Basic Auth Credentials",
        "filename": "CLAUDE.md",
        "hashed_secret": "5baa61e4c9b93f3f0682250b6cf8331b7ee68fd8",
        "is_verified": false,
        "line_number": 568
      }
    ],
    "SECURITY.md": [
      {
        "type": "Basic Auth Credentials",
        "filename": "SECURITY.md",
        "hashed_secret": "5baa61e4c9b93f3f0682250b6cf8331b7ee68fd8",
        "is_verified": false,
        "line_number": 39
      },
      {
        "type": "Basic Auth Credentials",
        "filename": "SECURITY.md",
        "hashed_secret": "08cd923367890009657eab812753379bdb321eeb",
        "is_verified": false,
        "line_number": 65
      }
    ],
    "development_records/IMPLEMENTATION_PLAN.md": [
      {
        "type": "Basic Auth Credentials",
        "filename": "development_records/IMPLEMENTATION_PLAN.md",
        "hashed_secret": "3042e0bfd675743160d906ae3845ab298deb197f",
        "is_verified": false,
        "line_number": 942
      },
      {
        "type": "Basic Auth Credentials",
        "filename": "development_records/IMPLEMENTATION_PLAN.md",
        "hashed_secret": "9d4e1e23bd5b727046a9e3b4b7db57bd8d6ee684",
        "is_verified": false,
        "line_number": 1085
      }
    ],
    "docs/PRDs and RFCs/RFC_API_DESIGN.md": [
      {
        "type": "Secret Keyword",
        "filename": "docs/PRDs and RFCs/RFC_API_DESIGN.md",
        "hashed_secret": "89a6cfe2a229151e8055abee107d45ed087bbb4f",
        "is_verified": false,
        "line_number": 2529
      }
    ],
    "docs/modal/MODAL_REFERENCE.md": [
      {
        "type": "Secret Keyword",
        "filename": "docs/modal/MODAL_REFERENCE.md",
        "hashed_secret": "ec3810e10fb78db55ce38b9c18d1c3eb1db739e0",
        "is_verified": false,
        "line_number": 762
      },
      {
        "type": "Secret Keyword",
        "filename": "docs/modal/MODAL_REFERENCE.md",
        "hashed_secret": "f2b14f68eb995facb3a1c35287b778d5bd785511",
        "is_verified": false,
        "line_number": 763
      }
    ],
    "docs/observability/HONEYCOMB_INTEGRATION_PLAN.md": [
      {
        "type": "Secret Keyword",
        "filename": "docs/observability/HONEYCOMB_INTEGRATION_PLAN.md",
        "hashed_secret": "e11027aa269d952cec132871ad0fc9e017a755cc",
        "is_verified": false,
        "line_number": 1049
      }
    ],
    "docs/planning/DATASTORE_RECOMMENDATION.md": [
      {
        "type": "Secret Keyword",
        "filename": "docs/planning/DATASTORE_RECOMMENDATION.md",
        "hashed_secret": "bf4a46935566dfce7247f823f6ba7b0bff9a69cb",
        "is_verified": false,
        "line_number": 659
      }
    ],
    "docs/planning/GUIDANCE_BACKEND_COMPARISON.md": [
      {
        "type": "Secret Keyword",
        "filename": "docs/planning/GUIDANCE_BACKEND_COMPARISON.md",
        "hashed_secret": "ec3810e10fb78db55ce38b9c18d1c3eb1db739e0",
        "is_verified": false,
        "line_number": 212
      },
      {
        "type": "Secret Keyword",
        "filename": "docs/planning/GUIDANCE_BACKEND_COMPARISON.md",
        "hashed_secret": "c7a8c334eef5d1749fface7d42c66f9ae5e8cf36",
        "is_verified": false,
        "line_number": 312
      },
      {
        "type": "Secret Keyword",
        "filename": "docs/planning/GUIDANCE_BACKEND_COMPARISON.md",
        "hashed_secret": "829c3804401b0727f70f73d4415e162400cbe57b",
        "is_verified": false,
        "line_number": 395
      }
    ],
    "docs/planning/mvp-implementation-plan.md": [
      {
        "type": "Secret Keyword",
        "filename": "docs/planning/mvp-implementation-plan.md",
        "hashed_secret": "c7a8c334eef5d1749fface7d42c66f9ae5e8cf36",
        "is_verified": false,
        "line_number": 78
      }
    ],
    "docs/reference/AUTHENTICATION.md": [
      {
        "type": "Secret Keyword",
        "filename": "docs/reference/AUTHENTICATION.md",
        "hashed_secret": "c44679c71578c6f72b3418844866538a2d9cf747",
        "is_verified": false,
        "line_number": 37
      },
      {
        "type": "Secret Keyword",
        "filename": "docs/reference/AUTHENTICATION.md",
        "hashed_secret": "e865837a27df4fc68372f3b48ad53f0d2556d7a1",
        "is_verified": false,
        "line_number": 59
      }
    ],
    "docs/reference/OAUTH-QUICKSTART.md": [
      {
        "type": "Secret Keyword",
        "filename": "docs/reference/OAUTH-QUICKSTART.md",
        "hashed_secret": "f3a2bd7a885ec518e529203b7fb667e1e6da9065",
        "is_verified": false,
        "line_number": 28
      }
    ],
    "docs/reference/XGRAMMAR_INTEGRATION_GUIDE.md": [
      {
        "type": "Secret Keyword",
        "filename": "docs/reference/XGRAMMAR_INTEGRATION_GUIDE.md",
        "hashed_secret": "11fa7c37d697f30e6aee828b4426a10f83ab2380",
        "is_verified": false,
        "line_number": 15
      }
    ],
    "docs/sessions/PHASE3_COMPLETE_SUMMARY.md": [
      {
        "type": "Secret Keyword",
        "filename": "docs/sessions/PHASE3_COMPLETE_SUMMARY.md",
        "hashed_secret": "a8253456364f1bfc7da7ae4a1db5b45d106317a5",
        "is_verified": false,
        "line_number": 325
      }
    ],
    "docs/sessions/session-summary-2025-10-14.md": [
      {
        "type": "Secret Keyword",
        "filename": "docs/sessions/session-summary-2025-10-14.md",
        "hashed_secret": "c7a8c334eef5d1749fface7d42c66f9ae5e8cf36",
        "is_verified": false,
        "line_number": 114
      },
      {
        "type": "Secret Keyword",
        "filename": "docs/sessions/session-summary-2025-10-14.md",
        "hashed_secret": "c039cd2912d773df5af39930a3c0c714d329a5ba",
        "is_verified": false,
        "line_number": 128
      }
    ],
    "docs/supabase/RUN_MIGRATIONS_NOW.md": [
      {
        "type": "JSON Web Token",
        "filename": "docs/supabase/RUN_MIGRATIONS_NOW.md",
        "hashed_secret": "378dd969d5ead13fbf95345887dd454fb1b1c09c",
        "is_verified": false,
        "line_number": 84
      }
    ],
    "docs/supabase/SUPABASE_CONNECTION_TROUBLESHOOTING.md": [
      {
        "type": "Basic Auth Credentials",
        "filename": "docs/supabase/SUPABASE_CONNECTION_TROUBLESHOOTING.md",
        "hashed_secret": "112bb791304791ddcf692e29fd5cf149b35fea37",
        "is_verified": false,
        "line_number": 23
      },
      {
        "type": "Basic Auth Credentials",
        "filename": "docs/supabase/SUPABASE_CONNECTION_TROUBLESHOOTING.md",
        "hashed_secret": "8bb2061e3b01c0dac5f5e088e26abbf8fba2b14f",
        "is_verified": false,
        "line_number": 57
      },
      {
        "type": "Basic Auth Credentials",
        "filename": "docs/supabase/SUPABASE_CONNECTION_TROUBLESHOOTING.md",
        "hashed_secret": "8e905b63ecfc25f43db7ee3f12a4bd3ac8deb3fe",
        "is_verified": false,
        "line_number": 129
      },
      {
        "type": "Basic Auth Credentials",
        "filename": "docs/supabase/SUPABASE_CONNECTION_TROUBLESHOOTING.md",
        "hashed_secret": "3141a2deff384bb71f83d2247974f31d5b262659",
        "is_verified": false,
        "line_number": 134
      },
      {
        "type": "Basic Auth Credentials",
        "filename": "docs/supabase/SUPABASE_CONNECTION_TROUBLESHOOTING.md",
        "hashed_secret": "1bad0e09db06d40c6f924cf0f36ca8d507ed2a9b",
        "is_verified": false,
        "line_number": 319
      }
    ],
    "docs/supabase/SUPABASE_DNS_ISSUE.md": [
      {
        "type": "Basic Auth Credentials",
        "filename": "docs/supabase/SUPABASE_DNS_ISSUE.md",
        "hashed_secret": "112bb791304791ddcf692e29fd5cf149b35fea37",
        "is_verified": false,
        "line_number": 80
      }
    ],
    "docs/supabase/SUPABASE_MIGRATION_SUCCESS.md": [
      {
        "type": "JSON Web Token",
        "filename": "docs/supabase/SUPABASE_MIGRATION_SUCCESS.md",
        "hashed_secret": "378dd969d5ead13fbf95345887dd454fb1b1c09c",
        "is_verified": false,
        "line_number": 120
      }
    ],
    "docs/supabase/SUPABASE_QUICK_START.md": [
      {
        "type": "Basic Auth Credentials",
        "filename": "docs/supabase/SUPABASE_QUICK_START.md",
        "hashed_secret": "afc848c316af1a89d49826c5ae9d00ed769415f3",
        "is_verified": false,
        "line_number": 249
      }
    ],
    "docs/supabase/SUPABASE_SCHEMA.md": [
      {
        "type": "Basic Auth Credentials",
        "filename": "docs/supabase/SUPABASE_SCHEMA.md",
        "hashed_secret": "112bb791304791ddcf692e29fd5cf149b35fea37",
        "is_verified": false,
        "line_number": 445
      }
    ],
    "docs/supabase/SUPABASE_SETUP_INSTRUCTIONS.md": [
      {
        "type": "Basic Auth Credentials",
        "filename": "docs/supabase/SUPABASE_SETUP_INSTRUCTIONS.md",
        "hashed_secret": "daa1f31819ed4928fd00e986e6bda6dab6b177dc",
        "is_verified": false,
        "line_number": 113
      },
      {
        "type": "Secret Keyword",
        "filename": "docs/supabase/SUPABASE_SETUP_INSTRUCTIONS.md",
        "hashed_secret": "88b9611da16d2e33a86118a51641c9ae5ce5637a",
        "is_verified": false,
        "line_number": 242
      },
      {
        "type": "Basic Auth Credentials",
        "filename": "docs/supabase/SUPABASE_SETUP_INSTRUCTIONS.md",
        "hashed_secret": "5baa61e4c9b93f3f0682250b6cf8331b7ee68fd8",
        "is_verified": false,
        "line_number": 307
      }
    ],
    "docs/supabase/SUPABASE_SETUP_STATUS.md": [
      {
        "type": "JSON Web Token",
        "filename": "docs/supabase/SUPABASE_SETUP_STATUS.md",
        "hashed_secret": "378dd969d5ead13fbf95345887dd454fb1b1c09c",
        "is_verified": false,
        "line_number": 139
      }
    ],
    "migrations/run_all_migrations.sh": [
      {
        "type": "Basic Auth Credentials",
        "filename": "migrations/run_all_migrations.sh",
        "hashed_secret": "112bb791304791ddcf692e29fd5cf149b35fea37",
        "is_verified": false,
        "line_number": 21
      }
    ],
    "scripts/database/run_migrations.py": [
      {
        "type": "Secret Keyword",
        "filename": "scripts/database/run_migrations.py",
        "hashed_secret": "2cb367c53bea01a473c687bcbcf02752f5773c8a",
        "is_verified": false,
        "line_number": 163
      }
    ],
    "scripts/setup/setup-oauth.sh": [
      {
        "type": "Secret Keyword",
        "filename": "scripts/setup/setup-oauth.sh",
        "hashed_secret": "e865837a27df4fc68372f3b48ad53f0d2556d7a1",
        "is_verified": false,
        "line_number": 52
      }
    ]
  },
  "generated_at": "2025-10-26T23:32:35Z"
}
